// Jest Snapshot v1, https://goo.gl/fbAQLP

exports[`Character snapshot 1`] = `
<RCTSafeAreaView
  emulateUnlessSupported={true}
/>
`;
