// Jest Snapshot v1, https://goo.gl/fbAQLP

exports[`Episode snapshot 1`] = `
<View
  style={
    Object {
      "flex": 1,
      "paddingHorizontal": 10,
    }
  }
>
  <View
    accessible={true}
    collapsable={false}
    focusable={true}
    nativeID="animatedComponent"
    onClick={[Function]}
    onResponderGrant={[Function]}
    onResponderMove={[Function]}
    onResponderRelease={[Function]}
    onResponderTerminate={[Function]}
    onResponderTerminationRequest={[Function]}
    onStartShouldSetResponder={[Function]}
    style={
      Object {
        "alignItems": "center",
        "backgroundColor": "#e6ffff",
        "borderColor": "#0099cc",
        "borderRadius": 10,
        "borderWidth": 2,
        "height": 80,
        "justifyContent": "center",
        "marginBottom": 10,
        "opacity": 1,
      }
    }
  >
    <Text />
  </View>
</View>
`;
